0
2
42
529
1073741824
2147483648
3141592653
4294967295
